// Jest Snapshot v1, https://goo.gl/fbAQLP

exports[`rendering outputs correct tree 1`] = `
<Link
  className="button"
  replace={false}
  to="/foo/bar"
>
  <AddIcon
    size="small"
    theme="green"
  />
  <TextBody>
    Accessibility text
  </TextBody>
</Link>
`;
