// Jest Snapshot v1, https://goo.gl/fbAQLP

exports[`<ToggleOn> rendering outputs correct tree 1`] = `undefined`;
