// Jest Snapshot v1, https://goo.gl/fbAQLP

exports[`<ToggleOff> rendering outputs correct tree 1`] = `
<span
  className="toggleLabel"
/>
`;
